==================================================
Traceback (most recent call last):
TARGETED VERIFICATION FLOW TEST
==================================================

1. Logging in...
  File "D:\CHECK-STABLE\antigravity\check\backend\test_flow.py", line 24, in <module>
    print("   \u2705 Login OK")
  File "C:\Users\asus\anaconda3\Lib\encodings\cp1252.py", line 19, in encode
    return codecs.charmap_encode(input,self.errors,encoding_table)[0]
           ^^^^^^^^^^^^^^^^^^^^^^^^^^^^^^^^^^^^^^^^^^^^^^^^^^^^^^^
UnicodeEncodeError: 'charmap' codec can't encode character '\u2705' in position 3: character maps to <undefined>
